  Determining projects to restore...
  All projects are up-to-date for restore.
  CleanDapperApp.Models -> C:\Users\nepal\AntigravityProjects\DotNetWebAPIReposotoryArchicture\src\CleanDapperApp.Models\bin\Debug\net9.0\CleanDapperApp.Models.dll
C:\Users\nepal\AntigravityProjects\DotNetWebAPIReposotoryArchicture\src\CleanDapperApp.Repository\DapperContext.cs(3,28): error CS0234: The type or namespace name 'Configuration' does not exist in the namespace 'Microsoft.Extensions' (are you missing an assembly reference?) [C:\Users\nepal\AntigravityProjects\DotNetWebAPIReposotoryArchicture\src\CleanDapperApp.Repository\CleanDapperApp.Repository.csproj]
C:\Users\nepal\AntigravityProjects\DotNetWebAPIReposotoryArchicture\src\CleanDapperApp.Repository\Services\JwtProvider.cs(6,28): error CS0234: The type or namespace name 'Configuration' does not exist in the namespace 'Microsoft.Extensions' (are you missing an assembly reference?) [C:\Users\nepal\AntigravityProjects\DotNetWebAPIReposotoryArchicture\src\CleanDapperApp.Repository\CleanDapperApp.Repository.csproj]
C:\Users\nepal\AntigravityProjects\DotNetWebAPIReposotoryArchicture\src\CleanDapperApp.Repository\DapperContext.cs(9,26): error CS0246: The type or namespace name 'IConfiguration' could not be found (are you missing a using directive or an assembly reference?) [C:\Users\nepal\AntigravityProjects\DotNetWebAPIReposotoryArchicture\src\CleanDapperApp.Repository\CleanDapperApp.Repository.csproj]
C:\Users\nepal\AntigravityProjects\DotNetWebAPIReposotoryArchicture\src\CleanDapperApp.Repository\DapperContext.cs(12,30): error CS0246: The type or namespace name 'IConfiguration' could not be found (are you missing a using directive or an assembly reference?) [C:\Users\nepal\AntigravityProjects\DotNetWebAPIReposotoryArchicture\src\CleanDapperApp.Repository\CleanDapperApp.Repository.csproj]
C:\Users\nepal\AntigravityProjects\DotNetWebAPIReposotoryArchicture\src\CleanDapperApp.Repository\Services\JwtProvider.cs(13,26): error CS0246: The type or namespace name 'IConfiguration' could not be found (are you missing a using directive or an assembly reference?) [C:\Users\nepal\AntigravityProjects\DotNetWebAPIReposotoryArchicture\src\CleanDapperApp.Repository\CleanDapperApp.Repository.csproj]
C:\Users\nepal\AntigravityProjects\DotNetWebAPIReposotoryArchicture\src\CleanDapperApp.Repository\Services\JwtProvider.cs(15,28): error CS0246: The type or namespace name 'IConfiguration' could not be found (are you missing a using directive or an assembly reference?) [C:\Users\nepal\AntigravityProjects\DotNetWebAPIReposotoryArchicture\src\CleanDapperApp.Repository\CleanDapperApp.Repository.csproj]

Build FAILED.

C:\Users\nepal\AntigravityProjects\DotNetWebAPIReposotoryArchicture\src\CleanDapperApp.Repository\DapperContext.cs(3,28): error CS0234: The type or namespace name 'Configuration' does not exist in the namespace 'Microsoft.Extensions' (are you missing an assembly reference?) [C:\Users\nepal\AntigravityProjects\DotNetWebAPIReposotoryArchicture\src\CleanDapperApp.Repository\CleanDapperApp.Repository.csproj]
C:\Users\nepal\AntigravityProjects\DotNetWebAPIReposotoryArchicture\src\CleanDapperApp.Repository\Services\JwtProvider.cs(6,28): error CS0234: The type or namespace name 'Configuration' does not exist in the namespace 'Microsoft.Extensions' (are you missing an assembly reference?) [C:\Users\nepal\AntigravityProjects\DotNetWebAPIReposotoryArchicture\src\CleanDapperApp.Repository\CleanDapperApp.Repository.csproj]
C:\Users\nepal\AntigravityProjects\DotNetWebAPIReposotoryArchicture\src\CleanDapperApp.Repository\DapperContext.cs(9,26): error CS0246: The type or namespace name 'IConfiguration' could not be found (are you missing a using directive or an assembly reference?) [C:\Users\nepal\AntigravityProjects\DotNetWebAPIReposotoryArchicture\src\CleanDapperApp.Repository\CleanDapperApp.Repository.csproj]
C:\Users\nepal\AntigravityProjects\DotNetWebAPIReposotoryArchicture\src\CleanDapperApp.Repository\DapperContext.cs(12,30): error CS0246: The type or namespace name 'IConfiguration' could not be found (are you missing a using directive or an assembly reference?) [C:\Users\nepal\AntigravityProjects\DotNetWebAPIReposotoryArchicture\src\CleanDapperApp.Repository\CleanDapperApp.Repository.csproj]
C:\Users\nepal\AntigravityProjects\DotNetWebAPIReposotoryArchicture\src\CleanDapperApp.Repository\Services\JwtProvider.cs(13,26): error CS0246: The type or namespace name 'IConfiguration' could not be found (are you missing a using directive or an assembly reference?) [C:\Users\nepal\AntigravityProjects\DotNetWebAPIReposotoryArchicture\src\CleanDapperApp.Repository\CleanDapperApp.Repository.csproj]
C:\Users\nepal\AntigravityProjects\DotNetWebAPIReposotoryArchicture\src\CleanDapperApp.Repository\Services\JwtProvider.cs(15,28): error CS0246: The type or namespace name 'IConfiguration' could not be found (are you missing a using directive or an assembly reference?) [C:\Users\nepal\AntigravityProjects\DotNetWebAPIReposotoryArchicture\src\CleanDapperApp.Repository\CleanDapperApp.Repository.csproj]
    0 Warning(s)
    6 Error(s)

Time Elapsed 00:00:01.65

Workload updates are available. Run `dotnet workload list` for more information.
